// Jest Snapshot v1, https://goo.gl/fbAQLP

exports[`dummy component snapshot test: dummy 1`] = `
<DocumentFragment>
  <div
    class="MuiPaper-root MuiPaper-elevation MuiPaper-rounded MuiPaper-elevation3 css-3su884-MuiPaper-root"
    style="padding: 20px; max-width: 400px; margin: 20px auto; border: 2px solid black;"
  >
    <h2
      class="MuiTypography-root MuiTypography-h2 MuiTypography-alignCenter MuiTypography-gutterBottom css-6exuqi-MuiTypography-root"
    >
      Sign Up
    </h2>
    <form>
      <div
        class="MuiGrid-root MuiGrid-container MuiGrid-spacing-xs-2 css-mhc70k-MuiGrid-root"
      >
        <div
          class="MuiGrid-root MuiGrid-item MuiGrid-grid-xs-12 css-1idn90j-MuiGrid-root"
        >
          <div
            class="MuiFormControl-root MuiFormControl-fullWidth MuiTextField-root css-wb57ya-MuiFormControl-root-MuiTextField-root"
          >
            <label
              class="MuiFormLabel-root MuiInputLabel-root MuiInputLabel-formControl MuiInputLabel-animated MuiInputLabel-sizeMedium MuiInputLabel-standard MuiFormLabel-colorPrimary Mui-required MuiInputLabel-root MuiInputLabel-formControl MuiInputLabel-animated MuiInputLabel-sizeMedium MuiInputLabel-standard css-aqpgxn-MuiFormLabel-root-MuiInputLabel-root"
              data-shrink="false"
              for=":r9:"
              id=":r9:-label"
            >
              Username
              <span
                aria-hidden="true"
                class="MuiFormLabel-asterisk MuiInputLabel-asterisk css-wgai2y-MuiFormLabel-asterisk"
              >
                 *
              </span>
            </label>
            <div
              class="MuiInputBase-root MuiInput-root MuiInput-underline MuiInputBase-colorPrimary MuiInputBase-fullWidth MuiInputBase-formControl css-953pxc-MuiInputBase-root-MuiInput-root"
            >
              <input
                aria-invalid="false"
                class="MuiInputBase-input MuiInput-input css-1x51dt5-MuiInputBase-input-MuiInput-input"
                id=":r9:"
                name="username"
                required=""
                type="text"
                value=""
              />
            </div>
          </div>
        </div>
        <div
          class="MuiGrid-root MuiGrid-item MuiGrid-grid-xs-12 css-1idn90j-MuiGrid-root"
        >
          <div
            class="MuiFormControl-root MuiFormControl-fullWidth MuiTextField-root css-wb57ya-MuiFormControl-root-MuiTextField-root"
          >
            <label
              class="MuiFormLabel-root MuiInputLabel-root MuiInputLabel-formControl MuiInputLabel-animated MuiInputLabel-sizeMedium MuiInputLabel-standard MuiFormLabel-colorPrimary Mui-required MuiInputLabel-root MuiInputLabel-formControl MuiInputLabel-animated MuiInputLabel-sizeMedium MuiInputLabel-standard css-aqpgxn-MuiFormLabel-root-MuiInputLabel-root"
              data-shrink="false"
              for=":ra:"
              id=":ra:-label"
            >
              Email
              <span
                aria-hidden="true"
                class="MuiFormLabel-asterisk MuiInputLabel-asterisk css-wgai2y-MuiFormLabel-asterisk"
              >
                 *
              </span>
            </label>
            <div
              class="MuiInputBase-root MuiInput-root MuiInput-underline MuiInputBase-colorPrimary MuiInputBase-fullWidth MuiInputBase-formControl css-953pxc-MuiInputBase-root-MuiInput-root"
            >
              <input
                aria-invalid="false"
                class="MuiInputBase-input MuiInput-input css-1x51dt5-MuiInputBase-input-MuiInput-input"
                id=":ra:"
                name="email"
                required=""
                type="email"
                value=""
              />
            </div>
          </div>
        </div>
        <div
          class="MuiGrid-root MuiGrid-item MuiGrid-grid-xs-12 css-1idn90j-MuiGrid-root"
        >
          <div
            class="MuiFormControl-root MuiFormControl-fullWidth MuiTextField-root css-wb57ya-MuiFormControl-root-MuiTextField-root"
          >
            <label
              class="MuiFormLabel-root MuiInputLabel-root MuiInputLabel-formControl MuiInputLabel-animated MuiInputLabel-sizeMedium MuiInputLabel-standard MuiFormLabel-colorPrimary Mui-required MuiInputLabel-root MuiInputLabel-formControl MuiInputLabel-animated MuiInputLabel-sizeMedium MuiInputLabel-standard css-aqpgxn-MuiFormLabel-root-MuiInputLabel-root"
              data-shrink="false"
              for=":rb:"
              id=":rb:-label"
            >
              Password
              <span
                aria-hidden="true"
                class="MuiFormLabel-asterisk MuiInputLabel-asterisk css-wgai2y-MuiFormLabel-asterisk"
              >
                 *
              </span>
            </label>
            <div
              class="MuiInputBase-root MuiInput-root MuiInput-underline MuiInputBase-colorPrimary MuiInputBase-fullWidth MuiInputBase-formControl css-953pxc-MuiInputBase-root-MuiInput-root"
            >
              <input
                aria-invalid="false"
                class="MuiInputBase-input MuiInput-input css-1x51dt5-MuiInputBase-input-MuiInput-input"
                id=":rb:"
                name="password"
                required=""
                type="password"
                value=""
              />
            </div>
          </div>
        </div>
      </div>
      <button
        class="MuiButtonBase-root MuiButton-root MuiButton-contained MuiButton-containedPrimary MuiButton-sizeMedium MuiButton-containedSizeMedium MuiButton-colorPrimary MuiButton-fullWidth MuiButton-root MuiButton-contained MuiButton-containedPrimary MuiButton-sizeMedium MuiButton-containedSizeMedium MuiButton-colorPrimary MuiButton-fullWidth css-1fu7jd5-MuiButtonBase-root-MuiButton-root"
        style="margin-top: 20px;"
        tabindex="0"
        type="submit"
      >
        Register
        <span
          class="MuiTouchRipple-root css-8je8zh-MuiTouchRipple-root"
        />
      </button>
    </form>
  </div>
</DocumentFragment>
`;
