// Jest Snapshot v1, https://goo.gl/fbAQLP

exports[`Product list snapshot match: product-list-snapshot-1 1`] = `
<DocumentFragment>
  <div>
    <div>
      <h1>
        Loading 
        <svg
          aria-hidden="true"
          class="MuiSvgIcon-root MuiSvgIcon-fontSizeMedium css-i4bv87-MuiSvgIcon-root"
          data-testid="HourglassEmptyIcon"
          focusable="false"
          viewBox="0 0 24 24"
        >
          <path
            d="M6 2v6h.01L6 8.01 10 12l-4 4 .01.01H6V22h12v-5.99h-.01L18 16l-4-4 4-3.99-.01-.01H18V2zm10 14.5V20H8v-3.5l4-4zm-4-5-4-4V4h8v3.5z"
          />
        </svg>
      </h1>
    </div>
  </div>
</DocumentFragment>
`;

exports[`Product list snapshot match: product-list-snapshot-2 1`] = `
<DocumentFragment>
  <div>
    <div>
      <h1>
        Loading 
        <svg
          aria-hidden="true"
          class="MuiSvgIcon-root MuiSvgIcon-fontSizeMedium css-i4bv87-MuiSvgIcon-root"
          data-testid="HourglassEmptyIcon"
          focusable="false"
          viewBox="0 0 24 24"
        >
          <path
            d="M6 2v6h.01L6 8.01 10 12l-4 4 .01.01H6V22h12v-5.99h-.01L18 16l-4-4 4-3.99-.01-.01H18V2zm10 14.5V20H8v-3.5l4-4zm-4-5-4-4V4h8v3.5z"
          />
        </svg>
      </h1>
    </div>
  </div>
</DocumentFragment>
`;

exports[`Product list snapshot match: product-list-snapshot-3 1`] = `
<DocumentFragment>
  <div>
    <div>
      <h1>
        Loading 
        <svg
          aria-hidden="true"
          class="MuiSvgIcon-root MuiSvgIcon-fontSizeMedium css-i4bv87-MuiSvgIcon-root"
          data-testid="HourglassEmptyIcon"
          focusable="false"
          viewBox="0 0 24 24"
        >
          <path
            d="M6 2v6h.01L6 8.01 10 12l-4 4 .01.01H6V22h12v-5.99h-.01L18 16l-4-4 4-3.99-.01-.01H18V2zm10 14.5V20H8v-3.5l4-4zm-4-5-4-4V4h8v3.5z"
          />
        </svg>
      </h1>
    </div>
  </div>
</DocumentFragment>
`;
