// Jest Snapshot v1, https://goo.gl/fbAQLP

exports[`dummy component snapshot test: dummy 1`] = `
<DocumentFragment>
  <section>
    <div
      class="dummy"
    >
      <h1>
        Some header
      </h1>
      <p>
        Some text
      </p>
    </div>
  </section>
</DocumentFragment>
`;
